// Jest Snapshot v1, https://jestjs.io/docs/snapshot-testing

exports[`ProductCard: Render card 1`] = `
<div>
  <div
    class="sc-2a8edd9b-0 ckkyrx"
  >
    <div
      class="sc-2a8edd9b-2 hKzHCm"
    >
      <div
        class="sc-8cdc8530-0 dRjqRC"
      >
        -
        0
        %
      </div>
      <div
        class="sc-4ce1df50-0 cBGBhv"
      >
        <div
          class="sc-7ffc078c-0 lgBlnU"
          title="Сравнить"
        >
          <i
            class="icofont icofont-compare "
            style="font-size: 22px;"
          />
        </div>
        <div
          class="sc-9441d6f7-0 ddZIKD"
          title="В избранное"
        >
          <i
            class="icofont icofont-favorite-fill "
            style="font-size: 22px;"
          />
        </div>
      </div>
    </div>
    <a
      href="/product/6"
    >
      <div
        data-alt="Calvin Klein CK One"
        data-testid="product-image"
      >
        Image loaded
      </div>
    </a>
    <a
      class="sc-2a8edd9b-1 eKmRku"
      href="/product/6"
    >
      <div>
        Calvin Klein CK One
      </div>
      <span>
        Calvin Klein
      </span>
    </a>
    <span
      class="sc-a1f6370b-0 iVxPvN"
    />
    <div
      class="sc-2a8edd9b-4 jMpSxT"
    >
      <div
        class="sc-c92d385c-0 jcgrtG"
      >
        <div
          class="sc-c92d385c-1 eYhnmn"
        >
          <div
            class="sc-c92d385c-2 eBrAFB"
          >
            <i
              class="icofont icofont-star sc-c92d385c-3 kYpCjw"
            />
            <i
              class="icofont icofont-star sc-c92d385c-3 kYpCjw"
            />
            <i
              class="icofont icofont-star sc-c92d385c-3 kYpCjw"
            />
            <i
              class="icofont icofont-star sc-c92d385c-3 kYpCjw"
            />
            <i
              class="icofont icofont-star sc-c92d385c-3 kYpCjw"
            />
          </div>
          <div
            class="sc-c92d385c-2 fzPWHA"
          >
            <i
              class="icofont icofont-star sc-c92d385c-3 euxYsg"
            />
            <i
              class="icofont icofont-star sc-c92d385c-3 euxYsg"
            />
            <i
              class="icofont icofont-star sc-c92d385c-3 euxYsg"
            />
            <i
              class="icofont icofont-star sc-c92d385c-3 euxYsg"
            />
            <i
              class="icofont icofont-star sc-c92d385c-3 euxYsg"
            />
          </div>
        </div>
        <span>
          4.85
        </span>
      </div>
      <div
        class="sc-2a8edd9b-3 bfnGLf"
      >
        $49.99
      </div>
    </div>
    <button
      class="sc-fe787f43-0 kgKDIJ"
    >
      В корзину
      <i
        class="icofont icofont-cart "
      />
    </button>
  </div>
</div>
`;
