// Jest Snapshot v1, https://jestjs.io/docs/snapshot-testing

exports[`ProductCard: Render card 1`] = `
<div>
  <div
    class="sc-8973b978-2 czROuN"
  >
    <div
      class="sc-7d6be7a8-0 hNnrTe"
    >
      -
      0
      %
    </div>
    <div
      class="sc-d8b47b8e-0 favzof"
    >
      <i
        class="icofont icofont-favorite-fill "
      />
    </div>
    <a
      href="/product/6"
    >
      <div
        data-product-id="6"
        data-testid="wrapper-images"
      >
        <div>
          Mocked image
        </div>
      </div>
    </a>
    <a
      class="sc-8973b978-3 dvnqmf"
      href="/product/6"
    >
      <div>
        Calvin Klein CK One
      </div>
      <span>
        Calvin Klein
      </span>
    </a>
    <span
      class="sc-a1f6370b-0 eaxihD"
    />
    <div
      class="sc-8973b978-5 cRmfFs"
    >
      <div
        class="sc-be016b9b-0 jRatsa"
      >
        <div
          class="sc-be016b9b-1 cLEppR"
        >
          <div
            class="sc-be016b9b-2 zIUAT"
          >
            <i
              class="icofont icofont-star sc-be016b9b-3 jFGxFv"
            />
            <i
              class="icofont icofont-star sc-be016b9b-3 jFGxFv"
            />
            <i
              class="icofont icofont-star sc-be016b9b-3 jFGxFv"
            />
            <i
              class="icofont icofont-star sc-be016b9b-3 jFGxFv"
            />
            <i
              class="icofont icofont-star sc-be016b9b-3 jFGxFv"
            />
          </div>
          <div
            class="sc-be016b9b-2 gJXuIu"
          >
            <i
              class="icofont icofont-star sc-be016b9b-3 bfjFi"
            />
            <i
              class="icofont icofont-star sc-be016b9b-3 bfjFi"
            />
            <i
              class="icofont icofont-star sc-be016b9b-3 bfjFi"
            />
            <i
              class="icofont icofont-star sc-be016b9b-3 bfjFi"
            />
            <i
              class="icofont icofont-star sc-be016b9b-3 bfjFi"
            />
          </div>
        </div>
        <span>
          4.85
        </span>
      </div>
      <div
        class="sc-8973b978-4 hWmOLy"
      >
        $49.99
      </div>
    </div>
    <button
      class="sc-2f5681b9-0 klNElI"
    >
      В корзину
      <i
        class="icofont icofont-cart "
      />
    </button>
  </div>
</div>
`;
