// Jest Snapshot v1, https://jestjs.io/docs/snapshot-testing

exports[`ProductCard: Render card 1`] = `
<div>
  <div
    class="sc-23adcea0-0 hmWBlq"
  >
    <div
      class="sc-7d6be7a8-0 cAcidU"
    >
      -
      0
      %
    </div>
    <div
      class="sc-36d40ead-0 ggNluZ"
      title="Сравнить"
    >
      <i
        class="icofont icofont-compare "
        style="font-size: 22px;"
      />
    </div>
    <div
      class="sc-c10cfecb-0 gMuWOS"
      title="В избранное"
    >
      <i
        class="icofont icofont-favorite-fill "
        style="font-size: 22px;"
      />
    </div>
    <a
      href="/product/6"
    >
      <div
        data-alt="Calvin Klein CK One"
        data-testid="product-image"
      >
        Image loaded
      </div>
    </a>
    <a
      class="sc-23adcea0-1 bwGJEF"
      href="/product/6"
    >
      <div>
        Calvin Klein CK One
      </div>
      <span>
        Calvin Klein
      </span>
    </a>
    <span
      class="sc-a1f6370b-0 iVxPvN"
    />
    <div
      class="sc-23adcea0-3 ZwqPK"
    >
      <div
        class="sc-be016b9b-0 fChJE"
      >
        <div
          class="sc-be016b9b-1 eUxXgn"
        >
          <div
            class="sc-be016b9b-2 fMeTbJ"
          >
            <i
              class="icofont icofont-star sc-be016b9b-3 ijouPp"
            />
            <i
              class="icofont icofont-star sc-be016b9b-3 ijouPp"
            />
            <i
              class="icofont icofont-star sc-be016b9b-3 ijouPp"
            />
            <i
              class="icofont icofont-star sc-be016b9b-3 ijouPp"
            />
            <i
              class="icofont icofont-star sc-be016b9b-3 ijouPp"
            />
          </div>
          <div
            class="sc-be016b9b-2 fQvyIM"
          >
            <i
              class="icofont icofont-star sc-be016b9b-3 dnUBbY"
            />
            <i
              class="icofont icofont-star sc-be016b9b-3 dnUBbY"
            />
            <i
              class="icofont icofont-star sc-be016b9b-3 dnUBbY"
            />
            <i
              class="icofont icofont-star sc-be016b9b-3 dnUBbY"
            />
            <i
              class="icofont icofont-star sc-be016b9b-3 dnUBbY"
            />
          </div>
        </div>
        <span>
          4.85
        </span>
      </div>
      <div
        class="sc-23adcea0-2 eNKXkY"
      >
        $49.99
      </div>
    </div>
    <button
      class="sc-2f5681b9-0 iWtQNa"
    >
      В корзину
      <i
        class="icofont icofont-cart "
      />
    </button>
  </div>
</div>
`;
