// Jest Snapshot v1, https://jestjs.io/docs/snapshot-testing

exports[`Input/UI Render is fine 1`] = `
<div>
  <div
    class="sc-1a03d449-0 bIQxXj"
  >
    <label
      class="sc-2e18881f-0 bhbuuh"
      for="phone"
    >
      Phone
    </label>
    <input
      name="phone"
      type="text"
      value=""
    />
    <div
      class="sc-98140c93-0 bFpgge"
    >
      <span>
        Your phone is not correct
      </span>
    </div>
  </div>
</div>
`;
