// Jest Snapshot v1, https://jestjs.io/docs/snapshot-testing

exports[`Favorite page test: Render text 1`] = `
<div>
  <div
    class="sc-22230b2b-0 knmwba"
  >
    <div
      class="sc-4a960974-0 dfyNIK"
    >
      <div
        class="sc-4a960974-1 iZUusT"
        style="opacity: 0;"
      />
      <div
        class="sc-16c37d83-1 hxWMCA"
        style="opacity: 0;"
      >
        <span
          class="sc-a1f6370b-0 iVxPvN"
        />
      </div>
      <div
        style="opacity: 0;"
      >
        <div
          class="sc-9bb5e335-0 cqgbkF"
        >
          Ничего не добавлено в избранное, перейдите в
           
          <a
            href="/products"
          >
            Каталог товаров
          </a>
        </div>
      </div>
    </div>
  </div>
</div>
`;
